usa {'x0': [0.9988, 0.0879, 0.49], 'beta_hi': 0.987718152159776, 'dbeta': 3.1725237586766808e-06, 'omega': 0.5367065966914434, 'resid': [0.0481034751815983, -0.17588251687096212, -0.36927036477541075], 'cost': 0.08480460318338792}
usa {'x0': [0.995, 0.05, 0.5], 'beta_hi': 0.9877181425690073, 'dbeta': 3.1989646633037914e-06, 'omega': 0.5435333669307315, 'resid': [0.0481034733942991, -0.17588251685401912, -0.3692703654007917], 'cost': 0.0848046033253673}
usa {'x0': [0.999, 0.12, 0.35], 'beta_hi': 0.9877166829959134, 'dbeta': 6.977542857675993e-10, 'omega': 0.5603529483787555, 'resid': [0.04810369480418686, -0.17588251477254518, -0.36927066249371376], 'cost': 0.08480472331753759}
usa {'x0': [0.9995, 0.2, 0.25], 'beta_hi': 0.9877166868917692, 'dbeta': 3.182232240353251e-08, 'omega': 0.8798868592933268, 'resid': [0.04810363380703109, -0.17588251460567816, -0.36927148006774946], 'cost': 0.08480502226044191}
usa {'x0': [0.99, 0.03, 0.65], 'beta_hi': 0.9877170758361847, 'dbeta': 1.3710179615779712e-06, 'omega': 0.7133253214127854, 'resid': [0.04810360391808288, -0.17588251471233193, -0.3692709863112571], 'cost': 0.08480483851136504}
fra {'x0': [0.9988, 0.0879, 0.49], 'beta_hi': 0.9924377067460856, 'dbeta': 0.004450121426028553, 'omega': 0.5413493866708433, 'resid': [0.002391393455368984, -0.17153178735519536, -0.01843915595826634], 'cost': 0.014884437654189805}
fra {'x0': [0.995, 0.05, 0.5], 'beta_hi': 0.9920410670039833, 'dbeta': 0.004320439320771142, 'omega': 0.6281162225010681, 'resid': [0.0017891869125854498, -0.17183537252992306, -0.013952817433023734], 'cost': 0.014862638778312448}
fra {'x0': [0.999, 0.12, 0.35], 'beta_hi': 0.9920390701956164, 'dbeta': 0.004051279409683968, 'omega': 0.6091469597663983, 'resid': [0.0015869852716754451, -0.17197529846722892, -0.012517109498641654], 'cost': 0.014867349917672985}
fra {'x0': [0.9995, 0.2, 0.25], 'beta_hi': 0.9922278752988651, 'dbeta': 0.005374431918962701, 'omega': 0.6461879614888204, 'resid': [0.002867558898625333, -0.17118501855939375, -0.02179750810151304], 'cost': 0.014893832416326297}
fra {'x0': [0.99, 0.03, 0.65], 'beta_hi': 0.9920699726270278, 'dbeta': 0.0052144922182806855, 'omega': 0.67207015497236, 'resid': [0.0024145662533214818, -0.17147475990294295, -0.01877809178611506], 'cost': 0.014881020072545686}

BEST: {
  "usa": {
    "x0": [
      0.9988,
      0.0879,
      0.49
    ],
    "beta_hi": 0.987718152159776,
    "dbeta": 3.1725237586766808e-06,
    "omega": 0.5367065966914434,
    "resid": [
      0.0481034751815983,
      -0.17588251687096212,
      -0.36927036477541075
    ],
    "cost": 0.08480460318338792
  },
  "fra": {
    "x0": [
      0.995,
      0.05,
      0.5
    ],
    "beta_hi": 0.9920410670039833,
    "dbeta": 0.004320439320771142,
    "omega": 0.6281162225010681,
    "resid": [
      0.0017891869125854498,
      -0.17183537252992306,
      -0.013952817433023734
    ],
    "cost": 0.014862638778312448
  }
}
